accesses	access
accommodations	accommodation
adulthoods	adulthood
advertisings	advertising
advices	advice
advises	advice
aggressions	aggression
airs	air
alcohols	alcohol
angers	anger
applauses	applause
arithmetics	arithmetic
assistances	assistance
athleticses	athletics
attentions	attention
bacons	bacon
baggages	baggage
beautys	beauty
beefs	beef
beers	beer
biologys	biology
bloods	blood
botanys	botany
breads	bread
businesses	business
butters	butter
carbons	carbon
cardboards	cardboard
cashs	cash
chalks	chalk
chaoses	chaos
cheeses	cheese
chesses	chess
childhoods	childhood
clothings	clothing
coals	coal
coffees	coffee
commerces	commerce
compassions	compassion
comprehensions	comprehension
contents	content
corruptions	corruption
cottons	cotton
currencys	currency
dancings	dancing
dangers	danger
datas	data
delights	delight
desserts	dessert
dignitys	dignity
dirts	dirt
distributions	distribution
dusts	dust
economicses	economics
educations	education
electricitys	electricity
employments	employment
energys	energy
engineerings	engineering
enjoyments	enjoyment
envys	envy
equipments	equipment
ethicses	ethics
evidences	evidence
evolutions	evolution
faiths	faith
fames	fame
fictions	fiction
flours	flour
flus	flu
foods	food
freedoms	freedom
fruits	fruit
fuels	fuel
funs	fun
furnitures	furniture
garbages	garbage
garlics	garlic
gases	gas
geneticses	genetics
glasses	glass
golds	gold
golfs	golf
gossips	gossip
grammars	grammar
grasses	grass
gratitudes	gratitude
griefs	grief
grounds	ground
guilts	guilt
gymnasticses	gymnastics
hairs	hair
happinesses	happiness
hardwares	hardware
hatreds	hatred
healths	health
homeworks	homework
honestys	honesty
honeys	honey
hospitalitys	hospitality
houseworks	housework
humours	humour
hungers	hunger
hydrogens	hydrogen
ices	ice
ice creams	ice cream
importances	importance
inflations	inflation
informations	information
injustices	injustice
innocences	innocence
intelligences	intelligence
irons	iron
ironys	irony
jealousys	jealousy
jellys	jelly
joys	joy
judos	judo
juices	juice
justices	justice
karates	karate
kindnesses	kindness
knowledges	knowledge
labours	labour
lacks	lack
lands	land
laughters	laughter
lavas	lava
leathers	leather
leisures	leisure
lightnings	lightning
linguisticses	linguistics
literatures	literature
litters	litter
livestocks	livestock
logics	logic
lonelinesses	loneliness
lucks	luck
luggages	luggage
machinerys	machinery
magics	magic
mails	mail
managements	management
mankinds	mankind
marbles	marble
mathematicses	mathematics
mayonnaises	mayonnaise
measleses	measles
meats	meat
metals	metal
methanes	methane
milks	milk
moneys	money
muds	mud
musics	music
nitrogens	nitrogen
nonsenses	nonsense
nurtures	nurture
nutritions	nutrition
obediences	obedience
obesitys	obesity
oxygens	oxygen
papers	paper
passions	passion
pastas	pasta
patiences	patience
permissions	permission
persons	people
physicses	physics
poetrys	poetry
pollutions	pollution
povertys	poverty
productions	production
progresses	progress
pronunciations	pronunciation
psychologys	psychology
publicitys	publicity
punctuations	punctuation
qualitys	quality
quantitys	quantity
quartzs	quartz
racisms	racism
rains	rain
recreations	recreation
relaxations	relaxation
reliabilitys	reliability
researchs	research
respects	respect
revenges	revenge
rices	rice
rooms	room
rubbishs	rubbish
rums	rum
safetys	safety
salads	salad
salts	salt
satires	satire
scenerys	scenery
seafoods	seafood
seasides	seaside
shames	shame
shoppings	shopping
silences	silence
smokings	smoking
soaps	soap
softwares	software
soils	soil
sorrows	sorrow
soups	soup
spellings	spelling
steams	steam
stuffs	stuff
stupiditys	stupidity
successes	success
sugars	sugar
sunshines	sunshine
symmetrys	symmetry
teas	tea
tennises	tennis
thirsts	thirst
thunders	thunder
timbers	timber
toasts	toast
tolerances	tolerance
trades	trade
traffics	traffic
transportations	transportation
understandings	understanding
underwears	underwear
unemployments	unemployment
unitys	unity
usages	usage
validitys	validity
veals	veal
vegetations	vegetation
vegetarianisms	vegetarianism
vengeances	vengeance
violences	violence
visions	vision
vitalitys	vitality
warmths	warmth
waters	water
wealths	wealth
weathers	weather
weights	weight
welfares	welfare
wheats	wheat
whiskeys	whiskey
widths	width
wildlifes	wildlife
wines	wine
wisdoms	wisdom
woods	wood
wools	wool
yeasts	yeast
yogas	yoga
youths	youth
zincs	zinc
zoologys	zoology
